sing.app.donothing.VersionTest.testPrintApplicationVersion=[
java-do-nothing 0.0.3

]


sing.app.donothing.VersionTest.testPrintHelp=[
java-do-nothing 0.0.3
Usage: java-do-nothing [options]
  Options:
    --version, -v
      Display version
    --help, -h
      Display help
.
.
]


sing.app.donothing.VersionTest.testPrintVersion=[
0.0.3

]